 ROBOT

 Timestamp is 37dd5bdd (Mon Sep 13 15:17:33 1999)

 Preferred load address is 00400000

 Start         Length     Name                   Class
 0001:00000000 00000086H .bss                    CODE
 0001:00000088 00000050H .text                   CODE
 0001:000000d8 00000064H _LDATA                  CODE
 0001:0000013c 00000480H _LTEXT                  CODE
 0002:00000000 00000004H ICRTTEXT                CODE
 0002:00000004 00000004H ICRTXXXX                CODE
 0002:00000008 0000003cH _IDATA                  CODE
 0002:00000044 00000018H _ITEXT                  CODE

  Address         Publics by Value              Rva+Base     Lib:Object

 0001:00000000       _i                         00401000     <common>
 0001:00000010       _RTCInt_Thunk              00401010     <common>
 0001:00000020       _Operacion                 00401020     <common>
 0001:00000078       _Value                     00401078     <common>
 0001:00000080       _RTCIRQHandle              00401080     <common>
 0001:00000084       _SavedStatusRegisterB      00401084     <common>
 0001:00000085       _SavedStatusRegisterA      00401085     <common>
 0001:00000088       _ReadCMOS                  00401088 f   CMOSIO.OBJ
 0001:000000b2       _WriteCMOS                 004010b2 f   CMOSIO.OBJ
 0001:000000d8       _Tabla                     004010d8     robot.OBJ
 0001:000000e4       _The_DDB                   004010e4     robot.OBJ
 0001:00000134       _VXD_SERVICE_TABLE_SIZE    00401134     cfMS940D:vsvctab.obj
 0001:00000134       _VXD_SERVICE_TABLE         00401134     cfMS940D:vsvctab.obj
 0001:0000013c       _PM_Api_Handler            0040113c f   robot.OBJ
 0001:0000013d       _ControlDispatcher         0040113d f   robot.OBJ
 0001:0000016e       _OnSysDynamicDeviceInit    0040116e f   robot.OBJ
 0001:0000021e       _OnSysDynamicDeviceExit    0040121e f   robot.OBJ
 0001:00000259       _OnW32Deviceiocontrol      00401259 f   robot.OBJ
 0001:000002c4       _RTCInt_Handler@8          004012c4 f   robot.OBJ
 0001:000004b3       _LocalPMhandler            004014b3 f   cfMS940D:control.obj
 0001:000004bd       _LocalV86handler           004014bd f   cfMS940D:control.obj
 0001:000004c7       _LocalControlDispatcher    004014c7 f   cfMS940D:control.obj
 0001:000004fc       _V86_Api_Handler           004014fc f   cfMS940D:v86api.obj
 0001:00000500       _LOCK_VPICD_Physically_Unmask@4 00401500 f   wr2MS940:VW506l.obj
 0001:00000510       _LOCK_VPICD_Virtualize_IRQ@4 00401510 f   wr2MS940:VW510l.obj
 0001:00000528       _LOCK_VPICD_Thunk_HWInt@8  00401528 f   wr2MS940:VW520l.obj
 0001:00000550       _LOCK_VPICD_Force_Default_Behavior@4 00401550 f   wr2MS940:VW498l.obj
 0001:00000560       _LOCK_VPICD_Physically_Mask@4 00401560 f   wr2MS940:VW505l.obj
 0001:00000570       _LOCK_VPICD_Phys_EOI@4     00401570 f   wr2MS940:VW504l.obj
 0001:00000580       __InitThunk                00401580 f   wr3MS940:VW970.obj
 0001:000005a8       _VPICD_HWInt_thunkTEMPLATE 004015a8     wr3MS940:VW966.obj
 0002:00000044       INITCRT                    00401644     ICRTMS9.OBJ

 entry point at        0000:00000000

 Static symbols

 0001:000004fd       $$$00002                   004014fd f   cfMS940D:v86api.obj
 0002:00000044       $$$00001                   00401644 f   cfMS940D:control.obj
 0001:0000013c       $$$00002                   0040113c f   cfMS940D:control.obj
 0001:000004a4       $$$00003                   004014a4 f   cfMS940D:control.obj
 0001:000004bd       $$$00005                   004014bd f   cfMS940D:control.obj
 0001:000004c7       $$$00007                   004014c7 f   cfMS940D:control.obj
 0001:000004fc       $$$00009                   004014fc f   cfMS940D:control.obj
 0001:00000138       $$$00001                   00401138 f   cfMS940D:vsvctab.obj

Line numbers for CMOSIO.OBJ(.\CMOSIO.c) segment LCODE_vxdpn

    21 0001:00000088    25 0001:0000008f    26 0001:00000090    27 0001:00000091
    28 0001:00000094    29 0001:00000096    30 0001:00000098    33 0001:0000009a
    36 0001:0000009c    37 0001:0000009e    38 0001:000000a1    41 0001:000000a3
    44 0001:000000a5    45 0001:000000a7    46 0001:000000a9    49 0001:000000aa
    50 0001:000000ad    65 0001:000000b2    67 0001:000000b8    68 0001:000000b9
    69 0001:000000ba    70 0001:000000bd    71 0001:000000bf    72 0001:000000c1
    75 0001:000000c3    78 0001:000000c5    79 0001:000000c8    80 0001:000000ca
    83 0001:000000cc    86 0001:000000ce    87 0001:000000d0    88 0001:000000d2
    90 0001:000000d3

Line numbers for robot.OBJ(.\robot.c) segment LCODE_vxdpn

    25 0001:0000013c    39 0001:0000013d    40 0001:00000140    48 0001:00000150
    49 0001:00000153    44 0001:00000155    49 0001:0000015e    43 0001:00000160
    49 0001:00000165    42 0001:00000167    49 0001:0000016c    51 0001:0000016e
    57 0001:00000176    58 0001:00000182    60 0001:00000187    65 0001:000001a1
    68 0001:000001aa    79 0001:000001c9    80 0001:000001e6    81 0001:000001f0
    90 0001:000001f2    84 0001:000001f4    85 0001:000001fb    88 0001:0000020e
    89 0001:00000219    90 0001:0000021c    93 0001:0000021e    97 0001:0000022b
   100 0001:0000023b   103 0001:00000246   104 0001:0000024f   106 0001:00000255
   107 0001:00000258   110 0001:00000259   114 0001:0000025c   118 0001:00000268
   125 0001:0000026b   127 0001:000002a0   128 0001:000002a7   129 0001:000002ac
   130 0001:000002b6   134 0001:000002c0   135 0001:000002c2   138 0001:000002c4
   139 0001:000002c8   142 0001:000002d8   161 0001:000002f1   175 0001:00000300
   176 0001:0000030c   177 0001:00000318   169 0001:0000031a   170 0001:00000326
   171 0001:00000331   164 0001:00000333   180 0001:0000033e   155 0001:00000340
   156 0001:00000352   150 0001:00000354   151 0001:00000365   145 0001:00000367
   183 0001:00000379   186 0001:0000037f   194 0001:00000386   192 0001:000003aa
   194 0001:000003af   195 0001:000003b5   197 0001:000003b7   199 0001:000003bb
   201 0001:000003bd   203 0001:000003c1   204 0001:000003c8   206 0001:000003ca
   208 0001:000003d4   209 0001:000003e9   210 0001:000003f3   211 0001:000003f7
   212 0001:000003fa   213 0001:000003fc   186 0001:00000402   194 0001:00000405
   216 0001:00000409   219 0001:0000041c   220 0001:00000420   221 0001:00000425
   222 0001:00000426   223 0001:00000427   224 0001:0000042b   225 0001:0000042d
   226 0001:0000042e   227 0001:0000042f   228 0001:00000431   229 0001:00000432
   232 0001:00000433   235 0001:00000446   236 0001:0000044a   237 0001:0000044f
   238 0001:00000450   239 0001:00000451   240 0001:00000455   241 0001:00000457
   242 0001:00000458   243 0001:00000459   244 0001:0000045b   245 0001:0000045c
   249 0001:0000045d   252 0001:00000470   253 0001:00000474   254 0001:00000479
   255 0001:0000047a   256 0001:0000047b   257 0001:0000047f   258 0001:00000481
   259 0001:00000482   260 0001:00000483   261 0001:00000485   262 0001:00000486
   264 0001:00000487   265 0001:0000048f   266 0001:00000497   267 0001:0000049d

Line numbers for C:\VTD95\lib\cfMS940D.lib(src40\v86api.asm) segment LCODE_vxdpn

    22 0001:000004fc

Line numbers for C:\VTD95\lib\cfMS940D.lib(src40\control.asm) segment LCODE_vxdpn

    42 0001:000004a4    69 0001:000004a9    70 0001:000004ae    72 0001:000004b1
    81 0001:000004b3    84 0001:000004b4    86 0001:000004b5    88 0001:000004ba
    89 0001:000004bb    90 0001:000004bc   103 0001:000004bd   106 0001:000004be
   108 0001:000004bf   110 0001:000004c4   111 0001:000004c5   112 0001:000004c6
   137 0001:000004c7   140 0001:000004c8   141 0001:000004c9   142 0001:000004ca
   143 0001:000004cb   144 0001:000004cc   146 0001:000004cd   147 0001:000004d5
   153 0001:000004d7   154 0001:000004d8   156 0001:000004dd   157 0001:000004de
   158 0001:000004e1   159 0001:000004e3   160 0001:000004e6   162 0001:000004e8
   163 0001:000004ec   166 0001:000004ed   167 0001:000004ee   168 0001:000004ef
   169 0001:000004f0   170 0001:000004f1   172 0001:000004f2   175 0001:000004f3
   176 0001:000004f5   177 0001:000004f8   178 0001:000004fa
